\BOOKMARK [1][-]{section.1}{\376\377\000I\000n\000t\000r\000o\000d\000u\000c\000t\000i\000o\000n}{}% 1
\BOOKMARK [1][-]{section.2}{\376\377\000R\000e\000l\000a\000t\000e\000d\000\040\000W\000o\000r\000k}{}% 2
\BOOKMARK [2][-]{subsection.2.1}{\376\377\000N\000P\000C\000\040\000D\000i\000a\000l\000o\000g\000u\000e\000\040\000a\000n\000d\000\040\000L\000L\000M\000-\000B\000a\000s\000e\000d\000\040\000G\000a\000m\000e\000\040\000A\000g\000e\000n\000t\000s}{section.2}% 3
\BOOKMARK [2][-]{subsection.2.2}{\376\377\000S\000o\000c\000i\000a\000l\000\040\000S\000i\000m\000u\000l\000a\000t\000i\000o\000n\000\040\000a\000n\000d\000\040\000A\000f\000f\000e\000c\000t\000\040\000M\000o\000d\000e\000l\000l\000i\000n\000g}{section.2}% 4
\BOOKMARK [2][-]{subsection.2.3}{\376\377\000C\000o\000n\000d\000i\000t\000i\000o\000n\000e\000d\000\040\000a\000n\000d\000\040\000C\000o\000n\000t\000r\000o\000l\000l\000a\000b\000l\000e\000\040\000T\000e\000x\000t\000\040\000G\000e\000n\000e\000r\000a\000t\000i\000o\000n}{section.2}% 5
\BOOKMARK [2][-]{subsection.2.4}{\376\377\000M\000u\000l\000t\000i\000-\000T\000a\000s\000k\000\040\000a\000n\000d\000\040\000M\000u\000l\000t\000i\000-\000H\000e\000a\000d\000\040\000C\000l\000a\000s\000s\000i\000f\000i\000c\000a\000t\000i\000o\000n\000\040\000o\000n\000\040\000P\000r\000e\000t\000r\000a\000i\000n\000e\000d\000\040\000L\000L\000M\000s}{section.2}% 6
\BOOKMARK [2][-]{subsection.2.5}{\376\377\000S\000e\000l\000f\000-\000S\000u\000p\000e\000r\000v\000i\000s\000e\000d\000\040\000R\000e\000p\000r\000e\000s\000e\000n\000t\000a\000t\000i\000o\000n\000\040\000L\000e\000a\000r\000n\000i\000n\000g\000\040\000f\000o\000r\000\040\000D\000i\000a\000l\000o\000g\000u\000e}{section.2}% 7
\BOOKMARK [2][-]{subsection.2.6}{\376\377\000P\000o\000s\000i\000t\000i\000o\000n\000i\000n\000g\000\040\000S\000u\000m\000m\000a\000r\000y}{section.2}% 8
\BOOKMARK [1][-]{section.3}{\376\377\000M\000e\000t\000h\000o\000d}{}% 9
\BOOKMARK [2][-]{subsection.3.1}{\376\377\000S\000o\000c\000i\000a\000l\000\040\000S\000t\000a\000t\000e\000\040\000S\000c\000h\000e\000m\000a\000\040\000\050\000Z\000t\000\051}{section.3}% 10
\BOOKMARK [2][-]{subsection.3.2}{\376\377\000A\000r\000c\000h\000i\000t\000e\000c\000t\000u\000r\000e\000\040\000S\000t\000a\000c\000k}{section.3}% 11
\BOOKMARK [2][-]{subsection.3.3}{\376\377\000T\000r\000a\000i\000n\000i\000n\000g}{section.3}% 12
\BOOKMARK [2][-]{subsection.3.4}{\376\377\000F\000a\000s\000t\000/\000S\000l\000o\000w\000\040\000R\000o\000u\000t\000i\000n\000g}{section.3}% 13
\BOOKMARK [1][-]{section.4}{\376\377\000E\000x\000p\000e\000r\000i\000m\000e\000n\000t\000a\000l\000\040\000S\000e\000t\000u\000p}{}% 14
\BOOKMARK [1][-]{section.5}{\376\377\000R\000e\000s\000u\000l\000t\000s}{}% 15
\BOOKMARK [2][-]{subsection.5.1}{\376\377\000T\000r\000a\000c\000k\000\040\000A\000:\000\040\000F\000r\000o\000m\000-\000S\000c\000r\000a\000t\000c\000h\000\040\000S\000L\000M\000\040\000C\000o\000m\000p\000a\000r\000i\000s\000o\000n\000\040\000\050\000R\000Q\0001\000\051}{section.5}% 16
\BOOKMARK [2][-]{subsection.5.2}{\376\377\000T\000r\000a\000c\000k\000\040\000B\000:\000\040\000C\000o\000n\000d\000i\000t\000i\000o\000n\000i\000n\000g\000\040\000E\000n\000c\000o\000d\000e\000r\000s}{section.5}% 17
\BOOKMARK [2][-]{subsection.5.3}{\376\377\000T\000r\000a\000c\000k\000\040\000C\000:\000\040\000R\000e\000s\000p\000o\000n\000s\000e\000\040\000G\000e\000n\000e\000r\000a\000t\000i\000o\000n\000\040\000\050\000R\000Q\0003\000\051}{section.5}% 18
\BOOKMARK [2][-]{subsection.5.4}{\376\377\000T\000r\000a\000c\000k\000\040\000D\000:\000\040\000L\000a\000t\000e\000n\000t\000\040\000S\000t\000a\000t\000e\000\040\000P\000r\000e\000d\000i\000c\000t\000i\000o\000n\000\040\000\050\000R\000Q\0002\000\051}{section.5}% 19
\BOOKMARK [2][-]{subsection.5.5}{\376\377\000R\000o\000u\000t\000i\000n\000g}{section.5}% 20
\BOOKMARK [2][-]{subsection.5.6}{\376\377\000J\000o\000i\000n\000t\000\040\000v\000s\000.\000\040\000S\000e\000p\000a\000r\000a\000t\000e\000\040\000T\000r\000a\000i\000n\000i\000n\000g}{section.5}% 21
\BOOKMARK [1][-]{section.6}{\376\377\000D\000i\000s\000c\000u\000s\000s\000i\000o\000n}{}% 22
\BOOKMARK [1][-]{section.7}{\376\377\000C\000o\000n\000c\000l\000u\000s\000i\000o\000n}{}% 23
\BOOKMARK [1][-]{appendix.A}{\376\377\000P\000o\000s\000i\000t\000i\000o\000n\000i\000n\000g\000\040\000a\000n\000d\000\040\000P\000i\000p\000e\000l\000i\000n\000e\000\040\000F\000i\000g\000u\000r\000e\000s}{}% 24
\BOOKMARK [1][-]{appendix.B}{\376\377\000G\000o\000l\000d\000\040\000Z\000t\000\040\000P\000e\000r\000-\000F\000i\000e\000l\000d\000\040\000R\000e\000s\000p\000o\000n\000s\000e\000\040\000D\000i\000f\000f\000i\000c\000u\000l\000t\000y}{}% 25
\BOOKMARK [1][-]{appendix.C}{\376\377\000P\000e\000r\000-\000H\000e\000a\000d\000\040\000E\000v\000a\000l\000u\000a\000t\000i\000o\000n\000\040\000D\000e\000t\000a\000i\000l\000s}{}% 26
\BOOKMARK [1][-]{appendix.D}{\376\377\000S\000a\000m\000p\000l\000e\000\040\000G\000e\000n\000e\000r\000a\000t\000i\000o\000n\000s}{}% 27
\BOOKMARK [2][-]{subsection.D.1}{\376\377\000D\000a\000t\000a\000\040\000E\000x\000a\000m\000p\000l\000e\000s}{appendix.D}% 28
\BOOKMARK [2][-]{subsection.D.2}{\376\377\000P\000r\000e\000d\000i\000c\000t\000i\000o\000n\000\040\000E\000x\000a\000m\000p\000l\000e\000s}{appendix.D}% 29
\BOOKMARK [2][-]{subsection.D.3}{\376\377\000G\000e\000n\000e\000r\000a\000t\000e\000d\000\040\000R\000e\000s\000p\000o\000n\000s\000e\000\040\000E\000x\000a\000m\000p\000l\000e\000s}{appendix.D}% 30
\BOOKMARK [1][-]{appendix.E}{\376\377\000D\000a\000t\000a\000\040\000G\000e\000n\000e\000r\000a\000t\000i\000o\000n\000\040\000P\000i\000p\000e\000l\000i\000n\000e\000\040\000a\000n\000d\000\040\000P\000r\000o\000v\000e\000n\000a\000n\000c\000e}{}% 31
\BOOKMARK [2][-]{subsection.E.1}{\376\377\000G\000e\000n\000e\000r\000a\000t\000i\000o\000n\000\040\000P\000i\000p\000e\000l\000i\000n\000e\000\040\000A\000r\000c\000h\000i\000t\000e\000c\000t\000u\000r\000e}{appendix.E}% 32
\BOOKMARK [2][-]{subsection.E.2}{\376\377\000D\000a\000t\000a\000\040\000S\000o\000u\000r\000c\000e\000s\000\040\000a\000n\000d\000\040\000S\000i\000z\000e\000s}{appendix.E}% 33
\BOOKMARK [2][-]{subsection.E.3}{\376\377\000E\000x\000t\000e\000r\000n\000a\000l\000\040\000C\000o\000r\000p\000o\000r\000a}{appendix.E}% 34
\BOOKMARK [2][-]{subsection.E.4}{\376\377\000L\000a\000b\000e\000l\000\040\000C\000l\000a\000s\000s\000\040\000D\000i\000s\000t\000r\000i\000b\000u\000t\000i\000o\000n\000s}{appendix.E}% 35
\BOOKMARK [2][-]{subsection.E.5}{\376\377\000S\000L\000M\000\040\000T\000r\000a\000i\000n\000i\000n\000g\000\040\000C\000o\000r\000p\000u\000s\000\040\000D\000i\000s\000t\000r\000i\000b\000u\000t\000i\000o\000n}{appendix.E}% 36
\BOOKMARK [2][-]{subsection.E.6}{\376\377\000L\000i\000m\000i\000t\000a\000t\000i\000o\000n\000:\000\040\000S\000y\000n\000t\000h\000e\000t\000i\000c\000\040\000L\000a\000b\000e\000l\000s}{appendix.E}% 37
\BOOKMARK [1][-]{appendix.F}{\376\377\000R\000e\000a\000l\000-\000W\000o\000r\000l\000d\000\040\000U\000s\000e\000\040\000C\000a\000s\000e\000s\000\040\000a\000n\000d\000\040\000P\000r\000a\000c\000t\000i\000c\000a\000l\000\040\000A\000c\000c\000o\000m\000p\000l\000i\000s\000h\000m\000e\000n\000t\000s}{}% 38
\BOOKMARK [2][-]{subsection.F.1}{\376\377\000T\000r\000a\000c\000k\000\040\000A\000:\000\040\000F\000r\000o\000m\000-\000S\000c\000r\000a\000t\000c\000h\000\040\000S\000L\000M\000s}{appendix.F}% 39
\BOOKMARK [2][-]{subsection.F.2}{\376\377\000T\000r\000a\000c\000k\000\040\000B\000:\000\040\000P\000e\000r\000s\000o\000n\000a\000l\000i\000t\000y\000\040\000a\000n\000d\000\040\000A\000f\000f\000e\000c\000t\000\040\000E\000n\000c\000o\000d\000e\000r\000s}{appendix.F}% 40
\BOOKMARK [2][-]{subsection.F.3}{\376\377\000T\000r\000a\000c\000k\000\040\000C\000:\000\040\000R\000e\000s\000p\000o\000n\000s\000e\000\040\000G\000e\000n\000e\000r\000a\000t\000i\000o\000n\000\040\000M\000o\000d\000e\000l\000s}{appendix.F}% 41
\BOOKMARK [2][-]{subsection.F.4}{\376\377\000T\000r\000a\000c\000k\000\040\000D\000:\000\040\000S\000t\000r\000u\000c\000t\000u\000r\000e\000d\000\040\000L\000L\000M\000\040\000P\000i\000p\000e\000l\000i\000n\000e}{appendix.F}% 42
\BOOKMARK [2][-]{subsection.F.5}{\376\377\000W\000h\000a\000t\000\040\000W\000e\000\040\000A\000c\000c\000o\000m\000p\000l\000i\000s\000h\000\040\000O\000v\000e\000r\000a\000l\000l}{appendix.F}% 43
\BOOKMARK [1][-]{appendix.G}{\376\377\000S\000y\000s\000t\000e\000m\000\040\000D\000a\000t\000a\000\040\000F\000l\000o\000w}{}% 44
\BOOKMARK [2][-]{subsection.G.1}{\376\377\000T\000r\000a\000c\000k\000\040\000A\000:\000\040\000F\000r\000o\000m\000-\000S\000c\000r\000a\000t\000c\000h\000\040\000S\000m\000a\000l\000l\000\040\000L\000a\000n\000g\000u\000a\000g\000e\000\040\000M\000o\000d\000e\000l\000s}{appendix.G}% 45
\BOOKMARK [2][-]{subsection.G.2}{\376\377\000T\000r\000a\000c\000k\000\040\000B\000:\000\040\000C\000o\000n\000d\000i\000t\000i\000o\000n\000i\000n\000g\000\040\000E\000n\000c\000o\000d\000e\000r\000s}{appendix.G}% 46
\BOOKMARK [2][-]{subsection.G.3}{\376\377\000T\000r\000a\000c\000k\000\040\000C\000:\000\040\000R\000e\000s\000p\000o\000n\000s\000e\000\040\000G\000e\000n\000e\000r\000a\000t\000i\000o\000n}{appendix.G}% 47
\BOOKMARK [2][-]{subsection.G.4}{\376\377\000T\000r\000a\000c\000k\000\040\000D\000:\000\040\000S\000t\000r\000u\000c\000t\000u\000r\000e\000d\000\040\000L\000L\000M\000\040\000P\000i\000p\000e\000l\000i\000n\000e}{appendix.G}% 48
\BOOKMARK [2][-]{subsection.G.5}{\376\377\000E\000n\000d\000-\000t\000o\000-\000E\000n\000d\000\040\000I\000n\000t\000e\000g\000r\000a\000t\000i\000o\000n}{appendix.G}% 49
\BOOKMARK [1][-]{appendix.H}{\376\377\000T\000r\000a\000i\000n\000i\000n\000g\000\040\000P\000i\000p\000e\000l\000i\000n\000e\000\040\000I\000n\000f\000r\000a\000s\000t\000r\000u\000c\000t\000u\000r\000e\000\040\000\046\000\040\000C\000o\000d\000e\000\040\000M\000o\000d\000i\000f\000i\000c\000a\000t\000i\000o\000n\000s}{}% 50
\BOOKMARK [2][-]{subsection.H.1}{\376\377\000S\000l\000u\000r\000m\000\040\000J\000o\000b\000\040\000M\000a\000n\000a\000g\000e\000m\000e\000n\000t}{appendix.H}% 51
\BOOKMARK [2][-]{subsection.H.2}{\376\377\000L\000L\000M\000\040\000T\000r\000a\000i\000n\000i\000n\000g\000\040\000C\000o\000n\000f\000i\000g\000u\000r\000a\000t\000i\000o\000n\000\040\000\050\000Q\000w\000e\000n\0003\000\051}{appendix.H}% 52
\BOOKMARK [2][-]{subsection.H.3}{\376\377\000E\000v\000a\000l\000u\000a\000t\000i\000o\000n\000\040\000F\000r\000a\000m\000e\000w\000o\000r\000k}{appendix.H}% 53
\BOOKMARK [2][-]{subsection.H.4}{\376\377\000C\000o\000d\000e\000\040\000M\000o\000d\000i\000f\000i\000c\000a\000t\000i\000o\000n\000s\000\040\000f\000o\000r\000\040\000R\000e\000p\000r\000o\000d\000u\000c\000i\000b\000i\000l\000i\000t\000y}{appendix.H}% 54
\BOOKMARK [1][-]{appendix.I}{\376\377\000S\000o\000c\000i\000a\000l\000-\000S\000t\000a\000t\000e\000\040\000J\000E\000P\000A\000\040\000D\000e\000t\000a\000i\000l\000s}{}% 55
\BOOKMARK [1][-]{appendix.J}{\376\377\000H\000u\000m\000a\000n\000\040\000L\000a\000b\000e\000l\000\040\000A\000u\000d\000i\000t}{}% 56
\BOOKMARK [2][-]{subsection.J.1}{\376\377\000A\000u\000d\000i\000t\000\040\000P\000r\000o\000t\000o\000c\000o\000l}{appendix.J}% 57
\BOOKMARK [2][-]{subsection.J.2}{\376\377\000A\000g\000r\000e\000e\000m\000e\000n\000t\000\040\000R\000e\000s\000u\000l\000t\000s}{appendix.J}% 58
