\BOOKMARK [1][-]{section.1}{\376\377\000I\000n\000t\000r\000o\000d\000u\000c\000t\000i\000o\000n}{}% 1
\BOOKMARK [1][-]{section.2}{\376\377\000R\000e\000l\000a\000t\000e\000d\000\040\000W\000o\000r\000k}{}% 2
\BOOKMARK [1][-]{section.3}{\376\377\000M\000e\000t\000h\000o\000d}{}% 3
\BOOKMARK [2][-]{subsection.3.1}{\376\377\000S\000c\000h\000e\000m\000a}{section.3}% 4
\BOOKMARK [2][-]{subsection.3.2}{\376\377\000P\000i\000p\000e\000l\000i\000n\000e}{section.3}% 5
\BOOKMARK [2][-]{subsection.3.3}{\376\377\000T\000r\000a\000i\000n\000i\000n\000g}{section.3}% 6
\BOOKMARK [1][-]{section.4}{\376\377\000E\000x\000p\000e\000r\000i\000m\000e\000n\000t\000a\000l\000\040\000S\000e\000t\000u\000p}{}% 7
\BOOKMARK [1][-]{section.5}{\376\377\000R\000e\000s\000u\000l\000t\000s}{}% 8
\BOOKMARK [2][-]{subsection.5.1}{\376\377\000P\000r\000e\000f\000i\000x\000\040\000C\000o\000n\000d\000i\000t\000i\000o\000n\000i\000n\000g\000\040\000D\000o\000e\000s\000\040\000N\000o\000t\000\040\000G\000i\000v\000e\000\040\000S\000e\000m\000a\000n\000t\000i\000c\000\040\000C\000o\000n\000t\000r\000o\000l}{section.5}% 9
\BOOKMARK [2][-]{subsection.5.2}{\376\377\000R\000e\000c\000o\000v\000e\000r\000a\000b\000i\000l\000i\000t\000y\000\040\000I\000s\000\040\000U\000n\000e\000v\000e\000n}{section.5}% 10
\BOOKMARK [2][-]{subsection.5.3}{\376\377\000P\000r\000e\000d\000i\000c\000t\000e\000d\000\040\000S\000t\000a\000t\000e\000\040\000S\000u\000p\000p\000o\000r\000t\000s\000\040\000R\000o\000u\000t\000i\000n\000g\000\040\000a\000n\000d\000\040\000D\000i\000s\000c\000l\000o\000s\000u\000r\000e\000\040\000D\000i\000a\000g\000n\000o\000s\000t\000i\000c\000s}{section.5}% 11
\BOOKMARK [2][-]{subsection.5.4}{\376\377\000D\000e\000c\000i\000s\000i\000o\000n\000\040\000C\000a\000r\000d\000s\000\040\000I\000m\000p\000r\000o\000v\000e\000\040\000C\000o\000n\000t\000r\000o\000l\000l\000a\000b\000i\000l\000i\000t\000y}{section.5}% 12
\BOOKMARK [2][-]{subsection.5.5}{\376\377\000A\000u\000d\000i\000t\000\040\000a\000n\000d\000\040\000T\000e\000m\000p\000o\000r\000a\000l\000\040\000D\000i\000a\000g\000n\000o\000s\000t\000i\000c\000s}{section.5}% 13
\BOOKMARK [1][-]{section.6}{\376\377\000D\000i\000s\000c\000u\000s\000s\000i\000o\000n}{}% 14
\BOOKMARK [1][-]{section.7}{\376\377\000C\000o\000n\000c\000l\000u\000s\000i\000o\000n}{}% 15
\BOOKMARK [1][-]{appendix.A}{\376\377\000P\000o\000s\000i\000t\000i\000o\000n\000i\000n\000g\000\040\000a\000n\000d\000\040\000P\000i\000p\000e\000l\000i\000n\000e\000\040\000F\000i\000g\000u\000r\000e\000s}{}% 16
\BOOKMARK [1][-]{appendix.B}{\376\377\000J\000o\000i\000n\000t\000\040\000v\000s\000.\000\040\000S\000e\000p\000a\000r\000a\000t\000e\000\040\000T\000r\000a\000i\000n\000i\000n\000g}{}% 17
\BOOKMARK [1][-]{appendix.C}{\376\377\000G\000o\000l\000d\000\040\000Z\000t\000\040\000P\000e\000r\000-\000F\000i\000e\000l\000d\000\040\000R\000e\000s\000p\000o\000n\000s\000e\000\040\000D\000i\000f\000f\000i\000c\000u\000l\000t\000y}{}% 18
\BOOKMARK [1][-]{appendix.D}{\376\377\000P\000e\000r\000-\000H\000e\000a\000d\000\040\000E\000v\000a\000l\000u\000a\000t\000i\000o\000n\000\040\000D\000e\000t\000a\000i\000l\000s}{}% 19
\BOOKMARK [1][-]{appendix.E}{\376\377\000S\000a\000m\000p\000l\000e\000\040\000G\000e\000n\000e\000r\000a\000t\000i\000o\000n\000s}{}% 20
\BOOKMARK [2][-]{subsection.E.1}{\376\377\000D\000a\000t\000a\000\040\000E\000x\000a\000m\000p\000l\000e\000s}{appendix.E}% 21
\BOOKMARK [2][-]{subsection.E.2}{\376\377\000P\000r\000e\000d\000i\000c\000t\000i\000o\000n\000\040\000E\000x\000a\000m\000p\000l\000e\000s}{appendix.E}% 22
\BOOKMARK [2][-]{subsection.E.3}{\376\377\000G\000e\000n\000e\000r\000a\000t\000e\000d\000\040\000R\000e\000s\000p\000o\000n\000s\000e\000\040\000E\000x\000a\000m\000p\000l\000e\000s}{appendix.E}% 23
\BOOKMARK [1][-]{appendix.F}{\376\377\000D\000a\000t\000a\000\040\000G\000e\000n\000e\000r\000a\000t\000i\000o\000n\000\040\000P\000i\000p\000e\000l\000i\000n\000e\000\040\000a\000n\000d\000\040\000P\000r\000o\000v\000e\000n\000a\000n\000c\000e}{}% 24
\BOOKMARK [2][-]{subsection.F.1}{\376\377\000G\000e\000n\000e\000r\000a\000t\000i\000o\000n\000\040\000P\000i\000p\000e\000l\000i\000n\000e\000\040\000A\000r\000c\000h\000i\000t\000e\000c\000t\000u\000r\000e}{appendix.F}% 25
\BOOKMARK [2][-]{subsection.F.2}{\376\377\000D\000a\000t\000a\000\040\000S\000o\000u\000r\000c\000e\000s\000\040\000a\000n\000d\000\040\000S\000i\000z\000e\000s}{appendix.F}% 26
\BOOKMARK [2][-]{subsection.F.3}{\376\377\000E\000x\000t\000e\000r\000n\000a\000l\000\040\000C\000o\000r\000p\000o\000r\000a}{appendix.F}% 27
\BOOKMARK [2][-]{subsection.F.4}{\376\377\000L\000a\000b\000e\000l\000\040\000C\000l\000a\000s\000s\000\040\000D\000i\000s\000t\000r\000i\000b\000u\000t\000i\000o\000n\000s}{appendix.F}% 28
\BOOKMARK [2][-]{subsection.F.5}{\376\377\000S\000L\000M\000\040\000T\000r\000a\000i\000n\000i\000n\000g\000\040\000C\000o\000r\000p\000u\000s\000\040\000D\000i\000s\000t\000r\000i\000b\000u\000t\000i\000o\000n}{appendix.F}% 29
\BOOKMARK [2][-]{subsection.F.6}{\376\377\000L\000i\000m\000i\000t\000a\000t\000i\000o\000n\000:\000\040\000S\000y\000n\000t\000h\000e\000t\000i\000c\000\040\000L\000a\000b\000e\000l\000s}{appendix.F}% 30
\BOOKMARK [1][-]{appendix.G}{\376\377\000A\000d\000d\000i\000t\000i\000o\000n\000a\000l\000\040\000I\000m\000p\000l\000e\000m\000e\000n\000t\000a\000t\000i\000o\000n\000\040\000D\000e\000t\000a\000i\000l\000s}{}% 31
\BOOKMARK [1][-]{appendix.H}{\376\377\000R\000e\000p\000r\000o\000d\000u\000c\000i\000b\000i\000l\000i\000t\000y\000\040\000D\000e\000t\000a\000i\000l\000s}{}% 32
\BOOKMARK [1][-]{appendix.I}{\376\377\000S\000o\000c\000i\000a\000l\000-\000S\000t\000a\000t\000e\000\040\000J\000E\000P\000A\000\040\000D\000e\000t\000a\000i\000l\000s}{}% 33
\BOOKMARK [1][-]{appendix.J}{\376\377\000H\000u\000m\000a\000n\000\040\000L\000a\000b\000e\000l\000\040\000A\000u\000d\000i\000t}{}% 34
\BOOKMARK [2][-]{subsection.J.1}{\376\377\000A\000u\000d\000i\000t\000\040\000P\000r\000o\000t\000o\000c\000o\000l}{appendix.J}% 35
\BOOKMARK [2][-]{subsection.J.2}{\376\377\000Q\000u\000a\000l\000i\000t\000y\000-\000C\000o\000n\000t\000r\000o\000l\000\040\000S\000c\000r\000e\000e\000n\000i\000n\000g}{appendix.J}% 36
\BOOKMARK [2][-]{subsection.J.3}{\376\377\000M\000o\000d\000e\000l\000-\000B\000a\000s\000e\000d\000\040\000V\000a\000l\000i\000d\000a\000t\000o\000r\000\040\000v\000s\000.\000\040\000T\000e\000a\000c\000h\000e\000r\000\040\000\050\000I\000n\000t\000e\000r\000n\000a\000l\000\040\000C\000o\000n\000s\000i\000s\000t\000e\000n\000c\000y\000\051}{appendix.J}% 37
\BOOKMARK [2][-]{subsection.J.4}{\376\377\000H\000u\000m\000a\000n\040\023\000T\000e\000a\000c\000h\000e\000r\000\040\000A\000g\000r\000e\000e\000m\000e\000n\000t}{appendix.J}% 38
\BOOKMARK [2][-]{subsection.J.5}{\376\377\000H\000u\000m\000a\000n\040\023\000H\000u\000m\000a\000n\000\040\000I\000n\000t\000e\000r\000-\000A\000n\000n\000o\000t\000a\000t\000o\000r\000\040\000A\000g\000r\000e\000e\000m\000e\000n\000t}{appendix.J}% 39
\BOOKMARK [2][-]{subsection.J.6}{\376\377\000H\000u\000m\000a\000n\040\023\000M\000o\000d\000e\000l\000-\000B\000a\000s\000e\000d\000\040\000V\000a\000l\000i\000d\000a\000t\000o\000r\000\040\000A\000g\000r\000e\000e\000m\000e\000n\000t}{appendix.J}% 40
\BOOKMARK [2][-]{subsection.J.7}{\376\377\000C\000o\000n\000s\000o\000l\000i\000d\000a\000t\000e\000d\000\040\000A\000u\000d\000i\000t\000\040\000S\000u\000m\000m\000a\000r\000y}{appendix.J}% 41
\BOOKMARK [2][-]{subsection.J.8}{\376\377\000I\000n\000t\000e\000r\000p\000r\000e\000t\000a\000t\000i\000o\000n}{appendix.J}% 42
\BOOKMARK [1][-]{appendix.K}{\376\377\000F\000r\000o\000m\000-\000S\000c\000r\000a\000t\000c\000h\000\040\000S\000L\000M\000\040\000B\000a\000s\000e\000l\000i\000n\000e}{}% 43
